Script started on 2023-02-06 20:03:48-05:00 [TERM="xterm-256color" TTY="/dev/pts/1" COLUMNS="80" LINES="66"]
]0;zs35@gold03: ~/Desktop/214/labs/05[01;32mzs35@gold03[00m:[01;34m~/Desktop/214/labs/05[00m$ clojure
[KClojure 1.10.1
[Kuser=> [Kuser=> [Kuser=> (def triple (fn [x][x] (* x 3)(* x 3))(fn [x] (* x 3)))user=> (def triple (fn [x] (* x 3)))user=> [K(def triple (fn [x] (* x 3)))
[K#'user/triple
user=> [Kuser=> [Kuser=> (triple 4)user=> (triple 4)user=> [K(triple 4)
12
user=> [Kuser=> [Kuser=> (defn triple [x][x] (* x 3)(* x 3))user=> (defn triple [x] (* x 3))user=> [K(defn triple [x] (* x 3))
#'user/triple
user=> [Kuser=> [Kuser=> (trupe     iple 4)user=> (triple 4)user=> [K(triple 4)
12
user=> [Kuser=> [Kuser=> (#(* % 3)(* % 3) 4)user=> (#(* % 3) 4)user=> [K(#(* % 3) 4)
12
user=> [Kuser=> [Kuser=> #(+ (* %1 %1)(* %1 %1) (* %2 %2)(* %2 %2))user=> #(+ (* %1 %1) (* %2 %2))user=> [K#(+ (* %1 %1) (* %2 %2))
#object[user$eval152$fn__153 0x7c974942 "user$eval152$fn__153@7c974942"]
user=> [Kuser=> [Kuser=> (#(+ (* %1 %1)(* %1 %1) (* %2 %2)(* %2 %2))user=> (#(+ (* %1 %1) (* %2 %2)) 3 4)user=> (#(+ (* %1 %1) (* %2 %2)) 3 4)user=> [K(#(+ (* %1 %1) (* %2 %2)) 3 4)
25
user=> [Kuser=> [Kuser=> (def sum2Squares #(+ (* %1 %1)(* %1 %1) (* %2 %2)(* %2 %2))(+ (* %1 %1) (* %2 %2)))user=> (def sum2Squares #(+ (* %1 %1) (* %2 %2))).user=> [K(def sum2Squares #(+ (* %1 %1) (* %2 %2))).
#'user/sum2Squares
Syntax error compiling at (REPL:0:0).
Unable to resolve symbol: . in this context
user=> [Kuser=> [Kuser=> (def sum2Squares #(+ (* %1 %1)(* %1 %1) (* %2 %2)(* %2 %2))(+ (* %1 %1) (* %2 %2)))user=> (def sum2Squares #(+ (* %1 %1) (* %2 %2)))user=> [K(def sum2Squares #(+ (* %1 %1) (* %2 %2)))
#'user/sum2Squares
user=> [Kuser=> [Kuser=> (sum2Squares 3 4)user=> (sum2Squares 3 4)user=> [K(sum2Squares 3 4)
25
user=> [Kuser=> [Kuser=> 
[K]0;zs35@gold03: ~/Desktop/214/labs/05[01;32mzs35@gold03[00m:[01;34m~/Desktop/214/labs/05[00m$ exit

Script done on 2023-02-06 20:08:48-05:00 [COMMAND_EXIT_CODE="0"]
